trades_report__.csv
stock,buy_date,sell_date,buy_price,sell_price,quantity,profit,profit_percent
LAURUSLABS,2021-04-06,2021-10-21,397.0,575.0,251.0,44678.0,0.44836272040302266
LAURUSLABS,2023-08-03,2023-10-23,385.2,363.0,259.0,-5749.800000000003,-0.05763239875389405
NESTLEIND,2019-08-21,2020-03-18,1264.0,1370.0,79.0,8374.0,0.08386075949367089
NESTLEIND,2021-07-27,2022-02-02,1820.0,1851.5,54.0,1701.0,0.01730769230769231
DEEPAKNTR,2018-08-07,2018-10-22,267.0,234.0,374.0,-12342.0,-0.12359550561797752
DEEPAKNTR,2019-05-06,2019-08-22,285.0,261.6,350.0,-8189.999999999985,-0.08210526315789465
DEEPAKNTR,2019-12-27,2020-03-18,379.0,369.0,263.0,-2630.0,-0.026385224274406333
DEEPAKNTR,2020-07-24,2022-02-24,595.9,1863.0,167.0,211605.7,2.1263634838060077
DEEPAKNTR,2022-09-12,2022-12-21,2184.0,2048.0,45.0,-6120.0,-0.06227106227106227
ICICIBANK,2018-01-16,2018-03-06,333.55,294.75,299.0,-11601.199999999997,-0.11632438914705444
ICICIBANK,2018-07-30,2023-01-27,307.4,818.2,325.0,166010.0,1.661678594664932
VEDL,2021-07-30,2021-08-20,301.45,266.8,331.0,-11469.149999999994,-0.11494443522972293
VEDL,2021-10-18,2021-10-22,376.15,324.7,265.0,-13634.25,-0.1367805396783198
PVRINOX,2017-10-23,2017-12-05,1415.75,1265.9,70.0,-10489.5,-0.10584495850256041
PVRINOX,2019-03-18,2019-07-31,1696.0,1514.0,58.0,-10556.0,-0.10731132075471699
PVRINOX,2020-01-24,2020-03-02,1971.85,1740.0,50.0,-11592.5,-0.11757993762203003
PVRINOX,2020-12-09,2020-12-21,1491.0,1325.0,67.0,-11122.0,-0.11133467471495641
PVRINOX,2021-09-21,2021-12-01,1507.0,1355.0,66.0,-10032.0,-0.10086264100862641
PVRINOX,2022-07-21,2022-09-16,1915.0,1758.0,52.0,-8164.0,-0.08198433420365535
BEL,2019-10-18,2019-11-26,38.87,34.48,2572.0,-11291.080000000002,-0.1129405711345511
BEL,2020-06-19,2020-09-22,27.0,30.92,3703.0,14515.76000000001,0.14518518518518525
IRCTC,2020-09-07,2020-10-30,283.0,262.99,353.0,-7063.529999999999,-0.0707067137809187
IRCTC,2020-12-04,2020-12-18,315.45,283.8,317.0,-10033.049999999988,-0.10033285782215876
IRCTC,2021-06-07,2022-02-24,422.77,739.0,236.0,74630.28,0.7479953639094544
IRCTC,2022-08-18,2022-12-21,723.0,652.9,138.0,-9673.800000000003,-0.09695712309820197
IRCTC,2023-06-16,2023-10-25,666.0,656.9,150.0,-1365.0,-0.013663663663663698
JINDALSTEL,2017-10-24,2018-03-06,162.5,232.0,615.0,42742.5,0.4276923076923077
JINDALSTEL,2019-03-29,2019-05-10,179.85,161.75,556.0,-10063.599999999991,-0.10063942174033914
JINDALSTEL,2022-01-13,2022-02-24,411.7,370.2,242.0,-10043.0,-0.10080155452999758
JINDALSTEL,2022-12-27,2023-03-24,574.0,533.5,174.0,-7047.0,-0.07055749128919861
GUJGASLTD,2019-12-02,2021-10-25,216.1,585.0,462.0,170431.8,1.7070800555298473
GUJGASLTD,2022-01-11,2022-02-11,712.7,636.0,140.0,-10738.0,-0.10761891398905576
GUJGASLTD,2022-05-12,2022-06-08,569.6,487.8,175.0,-14315.0,-0.14360955056179778
ADANIENT,2020-01-17,2020-03-09,227.75,198.85,439.0,-12687.100000000006,-0.1268935236004391
ADANIENT,2020-06-25,2023-01-27,162.5,2766.0,615.0,1601152.5,16.021538461538462
ADANIENT,2023-05-22,2023-10-23,2338.55,2301.8,42.0,-1543.5,-0.015714866049475102
TATAPOWER,2018-01-01,2018-02-02,97.2,84.8,1028.0,-12747.200000000012,-0.1275720164609054
TATAPOWER,2018-08-27,2018-09-28,75.65,65.85,1321.0,-12945.800000000017,-0.12954395241242578
TATAPOWER,2019-07-02,2019-07-24,73.25,64.05,1365.0,-12558.0,-0.1255972696245734
TATAPOWER,2021-06-07,2022-12-22,113.75,208.9,879.0,83636.85,0.8364835164835165
TVSMOTOR,2018-12-12,2019-01-24,575.0,518.35,173.0,-9800.449999999997,-0.09852173913043474
TVSMOTOR,2019-04-16,2019-05-13,519.6,465.0,192.0,-10483.200000000012,-0.10508083140877603
TVSMOTOR,2019-10-17,2020-02-14,446.4,438.0,224.0,-1881.5999999999913,-0.018817204301075217
TVSMOTOR,2020-11-27,2021-07-20,497.7,582.5,200.0,16960.0,0.1703837653204742
TVSMOTOR,2022-04-26,2022-05-12,682.95,603.95,146.0,-11534.0,-0.11567464675305658
ASHOKLEY,2020-08-13,2021-08-20,61.8,119.1,1618.0,92711.4,0.9271844660194175
ASHOKLEY,2022-09-01,2022-10-20,161.95,144.6,617.0,-10704.949999999997,-0.10713183081197898
DIXON,2017-10-24,2018-06-15,552.8,622.99,180.0,12634.200000000012,0.12697178002894366
DIXON,2019-03-05,2019-06-19,474.8,432.4,210.0,-8904.0,-0.08930075821398491
DIXON,2019-11-14,2020-02-26,655.77,803.98,152.0,22527.920000000013,0.2260091190508868
DIXON,2020-05-29,2022-01-24,989.79,4625.0,101.0,367156.21,3.6727083522767456
SBIN,2017-10-25,2018-01-16,322.7,297.2,309.0,-7879.5,-0.07902076231794236
SBIN,2018-05-24,2018-10-25,268.8,250.85,372.0,-6677.400000000009,-0.06677827380952386
PERSISTENT,2018-02-23,2018-03-28,822.65,690.9,121.0,-15941.75,-0.16015316355679815
PERSISTENT,2019-11-14,2020-03-12,666.0,642.65,150.0,-3502.5,-0.03506006006006009
PERSISTENT,2020-07-09,2022-05-13,741.85,3601.0,134.0,383126.1,3.8540810136820114
IEX,2019-10-18,2020-03-24,49.73,42.45,2010.0,-14632.799999999988,-0.14639050874723497
IEX,2020-09-14,2020-11-02,69.17,61.82,1445.0,-10620.750000000015,-0.10625993928003472
IEX,2021-03-12,2022-01-27,109.3,230.8,914.0,111051.00000000001,1.1116193961573653
